<html>
<body>
<pre>
<h1>µVision Build Log</h1>
<h2>Tool Versions:</h2>
IDE-Version: ¦ÌVision V5.31.0.0
Copyright (C) 2020 ARM Ltd and ARM Germany GmbH. All rights reserved.
License Information: l CAVIN, lkl, LIC=SXJT4-FM9CR-A4T9K-C7BKU-5HIEK-FI8B2
 
Tool Versions:
Toolchain:       MDK-ARM Cortex-M0/M0+ for ST  Version: 5.31.0.0
Toolchain Path:  E:\keil_v5\ARM\ARMCLANG\Bin
C Compiler:      ArmClang.exe V6.14
Assembler:       Armasm.exe V6.14
Linker/Locator:  ArmLink.exe V6.14
Library Manager: ArmAr.exe V6.14
Hex Converter:   FromElf.exe V6.14
CPU DLL:         SARMCM3.DLL V5.31.0.0
Dialog DLL:      DARMCM1.DLL V1.19.3.0
Target DLL:      STLink\ST-LINKIII-KEIL_SWO.dll V3.0.7.0
Dialog DLL:      TARMCM1.DLL V1.14.2.0
 
<h2>Project:</h2>
D:\Cavin Code\FreeRTOS¡ª¡ªSoftwareSimulater\Project\Fire_FreeRTOS.uvprojx
Project File Date:  06/17/2021

<h2>Output:</h2>
*** Using Compiler 'V6.14', folder: 'E:\keil_v5\ARM\ARMCLANG\Bin'
Build target 'Target 1'
../User/main.c(15): warning: no previous extern declaration for non-static variable 'List_Test' [-Wmissing-variable-declarations]
struct xLIST        List_Test;
                    ^
../User/main.c(15): note: declare 'static' if the variable is not intended to be used outside of this translation unit
struct xLIST        List_Test;
^
../User/main.c(18): warning: no previous extern declaration for non-static variable 'List_Item1' [-Wmissing-variable-declarations]
struct xLIST_ITEM   List_Item1;
                    ^
../User/main.c(18): note: declare 'static' if the variable is not intended to be used outside of this translation unit
struct xLIST_ITEM   List_Item1;
^
../User/main.c(19): warning: no previous extern declaration for non-static variable 'List_Item2' [-Wmissing-variable-declarations]
struct xLIST_ITEM   List_Item2;
                    ^
../User/main.c(19): note: declare 'static' if the variable is not intended to be used outside of this translation unit
struct xLIST_ITEM   List_Item2;
^
../User/main.c(20): warning: no previous extern declaration for non-static variable 'List_Item3' [-Wmissing-variable-declarations]
struct xLIST_ITEM   List_Item3;
                    ^
../User/main.c(20): note: declare 'static' if the variable is not intended to be used outside of this translation unit
struct xLIST_ITEM   List_Item3;
^
4 warnings generated.
compiling main.c...
linking...
Program Size: Code=472 RO-data=208 RW-data=0 ZI-data=1712  
".\Objects\Fire_FreeRTOS.axf" - 0 Error(s), 4 Warning(s).

<h2>Software Packages used:</h2>

Package Vendor: ARM
                http://www.keil.com/pack/ARM.CMSIS.5.7.0.pack
                ARM.CMSIS.5.7.0
                CMSIS (Cortex Microcontroller Software Interface Standard)
   * Component: CORE Version: 5.4.0

Package Vendor: Keil
                https://www.keil.com/pack/Keil.STM32G0xx_DFP.1.2.0.pack
                Keil.STM32G0xx_DFP.1.2.0
                STMicroelectronics STM32G0 Series Device Support
   * Component: Startup Version: 1.3.0

<h2>Collection of Component include folders:</h2>
  .\RTE\_Target_1
  E:\keil_v5\Arm\Packs\ARM\CMSIS\5.7.0\CMSIS\Core\Include
  E:\keil_v5\Arm\Packs\Keil\STM32G0xx_DFP\1.2.0\Drivers\CMSIS\Device\ST\STM32G0xx\Include

<h2>Collection of Component Files used:</h2>

   * Component: ARM::CMSIS:CORE:5.4.0

   * Component: Keil::Device:Startup:1.3.0
      Source file:   Drivers\CMSIS\Device\ST\STM32G0xx\Source\Templates\arm\startup_stm32g031xx.s
      Source file:   Drivers\CMSIS\Device\ST\STM32G0xx\Source\Templates\system_stm32g0xx.c
      Include file:  Drivers\CMSIS\Device\ST\STM32G0xx\Include\stm32g0xx.h
      Source file:   MDK\Device\Source\ARM\STM32G0x1_OPT.s
Build Time Elapsed:  00:00:00
</pre>
</body>
</html>
